2026-09-24 16:15:42.627 +05:00 [WRN] Entity 'Product' has a global query filter defined and is the required end of a relationship with the entity 'ProductImage'. This may lead to unexpected results when the required entity is filtered out. Either configure the navigation as optional, or define matching query filters for both entities in the navigation. See https://go.microsoft.com/fwlink/?linkid=2131316 for more information.
2026-09-24 16:15:42.702 +05:00 [WRN] Entity 'Product' has a global query filter defined and is the required end of a relationship with the entity 'ProductOption'. This may lead to unexpected results when the required entity is filtered out. Either configure the navigation as optional, or define matching query filters for both entities in the navigation. See https://go.microsoft.com/fwlink/?linkid=2131316 for more information.
2026-09-24 16:15:42.704 +05:00 [WRN] Entity 'Product' has a global query filter defined and is the required end of a relationship with the entity 'ProductTag'. This may lead to unexpected results when the required entity is filtered out. Either configure the navigation as optional, or define matching query filters for both entities in the navigation. See https://go.microsoft.com/fwlink/?linkid=2131316 for more information.
2026-09-24 16:15:42.707 +05:00 [WRN] Entity 'Product' has a global query filter defined and is the required end of a relationship with the entity 'ProductVariant'. This may lead to unexpected results when the required entity is filtered out. Either configure the navigation as optional, or define matching query filters for both entities in the navigation. See https://go.microsoft.com/fwlink/?linkid=2131316 for more information.
2026-09-24 16:15:44.127 +05:00 [INF] Acquiring an exclusive lock for migration application. See https://aka.ms/efcore-docs-migrations-lock for more information if this takes too long.
2026-09-24 16:15:44.435 +05:00 [INF] No migrations were applied. The database is already up to date.
2026-09-24 16:15:45.838 +05:00 [INF] Catalogue already seeded; skipping
2026-09-24 16:15:45.977 +05:00 [INF] Now listening on: http://localhost:5203
2026-09-24 16:15:45.978 +05:00 [INF] Application started. Press Ctrl+C to shut down.
2026-09-24 16:15:45.980 +05:00 [INF] Hosting environment: Development
2026-09-24 16:15:45.981 +05:00 [INF] Content root path: D:\Projects\Store\src\Store.Api
2026-09-24 16:31:04.389 +05:00 [WRN] Entity 'Product' has a global query filter defined and is the required end of a relationship with the entity 'ProductImage'. This may lead to unexpected results when the required entity is filtered out. Either configure the navigation as optional, or define matching query filters for both entities in the navigation. See https://go.microsoft.com/fwlink/?linkid=2131316 for more information.
2026-09-24 16:31:04.446 +05:00 [WRN] Entity 'Product' has a global query filter defined and is the required end of a relationship with the entity 'ProductOption'. This may lead to unexpected results when the required entity is filtered out. Either configure the navigation as optional, or define matching query filters for both entities in the navigation. See https://go.microsoft.com/fwlink/?linkid=2131316 for more information.
2026-09-24 16:31:04.449 +05:00 [WRN] Entity 'Product' has a global query filter defined and is the required end of a relationship with the entity 'ProductTag'. This may lead to unexpected results when the required entity is filtered out. Either configure the navigation as optional, or define matching query filters for both entities in the navigation. See https://go.microsoft.com/fwlink/?linkid=2131316 for more information.
2026-09-24 16:31:04.451 +05:00 [WRN] Entity 'Product' has a global query filter defined and is the required end of a relationship with the entity 'ProductVariant'. This may lead to unexpected results when the required entity is filtered out. Either configure the navigation as optional, or define matching query filters for both entities in the navigation. See https://go.microsoft.com/fwlink/?linkid=2131316 for more information.
2026-09-24 16:31:05.609 +05:00 [INF] Acquiring an exclusive lock for migration application. See https://aka.ms/efcore-docs-migrations-lock for more information if this takes too long.
2026-09-24 16:31:05.861 +05:00 [INF] No migrations were applied. The database is already up to date.
2026-09-24 16:31:06.924 +05:00 [INF] Catalogue already seeded; skipping
2026-09-24 16:31:07.131 +05:00 [INF] Now listening on: http://localhost:5203
2026-09-24 16:31:07.133 +05:00 [INF] Application started. Press Ctrl+C to shut down.
2026-09-24 16:31:07.135 +05:00 [INF] Hosting environment: Development
2026-09-24 16:31:07.137 +05:00 [INF] Content root path: D:\Projects\Store\src\Store.Api
2026-09-24 16:43:44.064 +05:00 [WRN] Entity 'Product' has a global query filter defined and is the required end of a relationship with the entity 'ProductImage'. This may lead to unexpected results when the required entity is filtered out. Either configure the navigation as optional, or define matching query filters for both entities in the navigation. See https://go.microsoft.com/fwlink/?linkid=2131316 for more information.
2026-09-24 16:43:44.138 +05:00 [WRN] Entity 'Product' has a global query filter defined and is the required end of a relationship with the entity 'ProductOption'. This may lead to unexpected results when the required entity is filtered out. Either configure the navigation as optional, or define matching query filters for both entities in the navigation. See https://go.microsoft.com/fwlink/?linkid=2131316 for more information.
2026-09-24 16:43:44.141 +05:00 [WRN] Entity 'Product' has a global query filter defined and is the required end of a relationship with the entity 'ProductTag'. This may lead to unexpected results when the required entity is filtered out. Either configure the navigation as optional, or define matching query filters for both entities in the navigation. See https://go.microsoft.com/fwlink/?linkid=2131316 for more information.
2026-09-24 16:43:44.143 +05:00 [WRN] Entity 'Product' has a global query filter defined and is the required end of a relationship with the entity 'ProductVariant'. This may lead to unexpected results when the required entity is filtered out. Either configure the navigation as optional, or define matching query filters for both entities in the navigation. See https://go.microsoft.com/fwlink/?linkid=2131316 for more information.
2026-09-24 16:43:46.774 +05:00 [INF] Acquiring an exclusive lock for migration application. See https://aka.ms/efcore-docs-migrations-lock for more information if this takes too long.
2026-09-24 16:43:47.173 +05:00 [INF] No migrations were applied. The database is already up to date.
2026-09-24 16:43:49.135 +05:00 [INF] Catalogue already seeded; skipping
2026-09-24 16:43:49.352 +05:00 [INF] Now listening on: http://localhost:5203
2026-09-24 16:43:49.356 +05:00 [INF] Application started. Press Ctrl+C to shut down.
2026-09-24 16:43:49.357 +05:00 [INF] Hosting environment: Development
2026-09-24 16:43:49.358 +05:00 [INF] Content root path: D:\Projects\Store\src\Store.Api
